 
****************************************
Report : timing
        -path full
        -delay max
        -max_paths 1
        -capacitance
Design : ExampleRocketSystem
Version: Q-2019.12-SP3
Date   : Sat Mar 19 08:33:59 2022
****************************************

 # A fanout number of 1000 was used for high fanout net computations.

Operating Conditions: ss0p75v125c   Library: saed32lvt_ss0p75v125c
Wire Load Model Mode: enclosed

  Startpoint: l2_frontend_bus_axi4_0_aw_bits_size[0]
              (input port clocked by clock)
  Endpoint: fbus/coupler_from_port_named_slave_port_axi4/axi4frag/u_T_128_reg_31_
            (rising edge-triggered flip-flop clocked by clock)
  Path Group: INPUTS
  Path Type: max

  Des/Clust/Port     Wire Load Model       Library
  ------------------------------------------------
  ExampleRocketSystem
                     2000000               saed32rvt_ss0p95v125c
  SimpleLazyModule_5 35000                 saed32rvt_ss0p95v125c
  AXI4Fragmenter     8000                  saed32rvt_ss0p95v125c

  Point                                          Cap      Incr       Path
  --------------------------------------------------------------------------
  clock clock (rise edge)                                 0.00       0.00
  clock network delay (ideal)                             0.90       0.90
  input external delay                                    0.00       0.90 f
  l2_frontend_bus_axi4_0_aw_bits_size[0] (in)
                                                1.14      0.00       0.90 f
  fbus/auto_coupler_from_port_named_slave_port_axi4_axi4index_in_aw_bits_size[0] (FrontBus)
                                                          0.00       0.90 f
  fbus/coupler_from_port_named_slave_port_axi4/auto_axi4index_in_aw_bits_size[0] (SimpleLazyModule_5)
                                                          0.00       0.90 f
  fbus/coupler_from_port_named_slave_port_axi4/axi4index/auto_in_aw_bits_size[0] (AXI4IdIndexer_1)
                                                          0.00       0.90 f
  fbus/coupler_from_port_named_slave_port_axi4/axi4index/auto_out_aw_bits_size[0] (AXI4IdIndexer_1)
                                                          0.00       0.90 f
  fbus/coupler_from_port_named_slave_port_axi4/axi4frag/auto_in_aw_bits_size[0] (AXI4Fragmenter)
                                                          0.00       0.90 f
  fbus/coupler_from_port_named_slave_port_axi4/axi4frag/Queue_1/io_enq_bits_size[0] (Queue_30_0)
                                                          0.00       0.90 f
  fbus/coupler_from_port_named_slave_port_axi4/axi4frag/Queue_1/U94/Y (MUX21X2_RVT)
                                               12.80      0.12       1.02 f
  fbus/coupler_from_port_named_slave_port_axi4/axi4frag/Queue_1/io_deq_bits_size[0] (Queue_30_0)
                                                          0.00       1.02 f
  fbus/coupler_from_port_named_slave_port_axi4/axi4frag/U161/Y (AND2X1_RVT)
                                                4.60      0.10       1.12 f
  fbus/coupler_from_port_named_slave_port_axi4/axi4frag/U162/Y (AND2X1_RVT)
                                                1.16      0.07       1.19 f
  fbus/coupler_from_port_named_slave_port_axi4/axi4frag/U164/Y (NAND3X0_RVT)
                                                1.25      0.04       1.23 r
  fbus/coupler_from_port_named_slave_port_axi4/axi4frag/U165/Y (AOI21X1_RVT)
                                                2.05      0.08       1.31 f
  fbus/coupler_from_port_named_slave_port_axi4/axi4frag/U74/Y (OA21X1_RVT)
                                                4.08      0.08       1.40 f
  fbus/coupler_from_port_named_slave_port_axi4/axi4frag/U31/Y (INVX0_RVT)
                                                1.72      0.05       1.44 r
  fbus/coupler_from_port_named_slave_port_axi4/axi4frag/U195/Y (AND2X1_RVT)
                                                1.94      0.06       1.50 r
  fbus/coupler_from_port_named_slave_port_axi4/axi4frag/U625/CO (FADDX1_RVT)
                                                1.45      0.10       1.61 r
  fbus/coupler_from_port_named_slave_port_axi4/axi4frag/U515/CO (FADDX1_RVT)
                                                1.45      0.10       1.70 r
  fbus/coupler_from_port_named_slave_port_axi4/axi4frag/U298/CO (FADDX1_RVT)
                                                1.88      0.10       1.80 r
  fbus/coupler_from_port_named_slave_port_axi4/axi4frag/U299/Y (NAND2X0_RVT)
                                                0.47      0.04       1.84 f
  fbus/coupler_from_port_named_slave_port_axi4/axi4frag/U300/Y (NAND2X0_RVT)
                                                1.45      0.07       1.91 r
  fbus/coupler_from_port_named_slave_port_axi4/axi4frag/U539/CO (FADDX1_RVT)
                                                1.88      0.10       2.02 r
  fbus/coupler_from_port_named_slave_port_axi4/axi4frag/U301/Y (NAND2X0_RVT)
                                                0.55      0.04       2.06 f
  fbus/coupler_from_port_named_slave_port_axi4/axi4frag/U305/Y (NAND2X0_RVT)
                                                1.45      0.07       2.12 r
  fbus/coupler_from_port_named_slave_port_axi4/axi4frag/U556/CO (FADDX1_RVT)
                                                1.45      0.10       2.22 r
  fbus/coupler_from_port_named_slave_port_axi4/axi4frag/U564/CO (FADDX1_RVT)
                                                1.45      0.10       2.32 r
  fbus/coupler_from_port_named_slave_port_axi4/axi4frag/U607/CO (FADDX1_RVT)
                                                1.54      0.10       2.42 r
  fbus/coupler_from_port_named_slave_port_axi4/axi4frag/U306/Y (AND2X1_RVT)
                                                1.53      0.06       2.48 r
  fbus/coupler_from_port_named_slave_port_axi4/axi4frag/U81/Y (AND2X1_RVT)
                                                1.59      0.06       2.54 r
  fbus/coupler_from_port_named_slave_port_axi4/axi4frag/U119/Y (AND2X1_RVT)
                                                1.59      0.06       2.60 r
  fbus/coupler_from_port_named_slave_port_axi4/axi4frag/U121/Y (AND2X1_RVT)
                                                1.00      0.06       2.65 r
  fbus/coupler_from_port_named_slave_port_axi4/axi4frag/U592/C1 (HADDX1_RVT)
                                                1.00      0.06       2.71 r
  fbus/coupler_from_port_named_slave_port_axi4/axi4frag/U590/C1 (HADDX1_RVT)
                                                1.00      0.06       2.78 r
  fbus/coupler_from_port_named_slave_port_axi4/axi4frag/U588/C1 (HADDX1_RVT)
                                                1.00      0.06       2.84 r
  fbus/coupler_from_port_named_slave_port_axi4/axi4frag/U586/C1 (HADDX1_RVT)
                                                1.00      0.06       2.90 r
  fbus/coupler_from_port_named_slave_port_axi4/axi4frag/U584/C1 (HADDX1_RVT)
                                                1.00      0.06       2.96 r
  fbus/coupler_from_port_named_slave_port_axi4/axi4frag/U582/C1 (HADDX1_RVT)
                                                1.00      0.06       3.02 r
  fbus/coupler_from_port_named_slave_port_axi4/axi4frag/U580/C1 (HADDX1_RVT)
                                                1.00      0.06       3.08 r
  fbus/coupler_from_port_named_slave_port_axi4/axi4frag/U578/C1 (HADDX1_RVT)
                                                1.00      0.06       3.15 r
  fbus/coupler_from_port_named_slave_port_axi4/axi4frag/U576/C1 (HADDX1_RVT)
                                                1.00      0.06       3.21 r
  fbus/coupler_from_port_named_slave_port_axi4/axi4frag/U505/C1 (HADDX1_RVT)
                                                1.00      0.06       3.27 r
  fbus/coupler_from_port_named_slave_port_axi4/axi4frag/U574/C1 (HADDX1_RVT)
                                                1.00      0.06       3.33 r
  fbus/coupler_from_port_named_slave_port_axi4/axi4frag/U501/C1 (HADDX1_RVT)
                                                1.00      0.06       3.39 r
  fbus/coupler_from_port_named_slave_port_axi4/axi4frag/U572/C1 (HADDX1_RVT)
                                                1.00      0.06       3.46 r
  fbus/coupler_from_port_named_slave_port_axi4/axi4frag/U570/C1 (HADDX1_RVT)
                                                1.00      0.06       3.52 r
  fbus/coupler_from_port_named_slave_port_axi4/axi4frag/U503/C1 (HADDX1_RVT)
                                                1.04      0.06       3.58 r
  fbus/coupler_from_port_named_slave_port_axi4/axi4frag/U307/SO (HADDX1_RVT)
                                                0.56      0.10       3.68 f
  fbus/coupler_from_port_named_slave_port_axi4/axi4frag/U310/Y (AO21X1_RVT)
                                                0.51      0.07       3.75 f
  fbus/coupler_from_port_named_slave_port_axi4/axi4frag/u_T_128_reg_31_/D (SDFFX1_RVT)
                                                          0.00       3.75 f
  data arrival time                                                  3.75

  clock clock (rise edge)                                 3.50       3.50
  clock network delay (ideal)                             0.90       4.40
  clock uncertainty                                      -0.16       4.24
  fbus/coupler_from_port_named_slave_port_axi4/axi4frag/u_T_128_reg_31_/CLK (SDFFX1_RVT)
                                                          0.00       4.24 r
  library setup time                                     -0.09       4.15
  data required time                                                 4.15
  --------------------------------------------------------------------------
  data required time                                                 4.15
  data arrival time                                                 -3.75
  --------------------------------------------------------------------------
  slack (MET)                                                        0.40


1
