 
****************************************
Report : constraint
        -all_violators
Design : ExampleRocketSystem
Version: Q-2019.12-SP3
Date   : Sat Mar 19 05:51:01 2022
****************************************


   max_transition

                             Required        Actual
   Net                      Transition     Transition        Slack
   -----------------------------------------------------------------
   tile/fpuOpt/sfma/fma_io_validin
                                0.09           0.13          -0.05  (VIOLATED)
       PIN :   tile/fpuOpt/sfma/valid_reg/Q
                                0.09           0.13          -0.05  (VIOLATED)
   sbus/coupler_to_port_named_mmio_port_axi4/axi4yank/Queue/n4
                                0.10           0.11          -0.01  (VIOLATED)
       PIN :   sbus/coupler_to_port_named_mmio_port_axi4/axi4yank/Queue/U3/Y
                                0.10           0.11          -0.01  (VIOLATED)
   sbus/coupler_to_port_named_mmio_port_axi4/axi4yank/Queue_5/n4
                                0.10           0.11          -0.01  (VIOLATED)
       PIN :   sbus/coupler_to_port_named_mmio_port_axi4/axi4yank/Queue_5/U3/Y
                                0.10           0.11          -0.01  (VIOLATED)
   sbus/coupler_to_port_named_mmio_port_axi4/axi4yank/Queue_1/n4
                                0.10           0.11          -0.01  (VIOLATED)
       PIN :   sbus/coupler_to_port_named_mmio_port_axi4/axi4yank/Queue_1/U3/Y
                                0.10           0.11          -0.01  (VIOLATED)
   sbus/coupler_to_port_named_mmio_port_axi4/axi4yank/Queue_6/n4
                                0.10           0.11          -0.01  (VIOLATED)
       PIN :   sbus/coupler_to_port_named_mmio_port_axi4/axi4yank/Queue_6/U3/Y
                                0.10           0.11          -0.01  (VIOLATED)
   sbus/coupler_to_port_named_mmio_port_axi4/axi4yank/Queue_4/n4
                                0.10           0.11          -0.01  (VIOLATED)
       PIN :   sbus/coupler_to_port_named_mmio_port_axi4/axi4yank/Queue_4/U3/Y
                                0.10           0.11          -0.01  (VIOLATED)
   sbus/coupler_to_port_named_mmio_port_axi4/axi4yank/Queue_9/n4
                                0.10           0.11          -0.01  (VIOLATED)
       PIN :   sbus/coupler_to_port_named_mmio_port_axi4/axi4yank/Queue_9/U3/Y
                                0.10           0.11          -0.01  (VIOLATED)
   sbus/coupler_to_port_named_mmio_port_axi4/axi4buf/Queue_4/n_T_id__T_18_addr
                                0.09           0.10          -0.01  (VIOLATED)
       PIN :   sbus/coupler_to_port_named_mmio_port_axi4/axi4buf/Queue_4/value_1_reg/Q
                                0.09           0.10          -0.01  (VIOLATED)
   mbus/coupler_to_memory_controller_named_axi4/tl2axi4/Queue_1/n_T_1
                                0.09           0.09          -0.01  (VIOLATED)
       PIN :   mbus/coupler_to_memory_controller_named_axi4/tl2axi4/Queue_1/u_T_1_reg/Q
                                0.09           0.09          -0.01  (VIOLATED)
   tile/core/div/resHi          0.09           0.09          -0.01  (VIOLATED)
       PIN :   tile/core/div/resHi_reg/Q
                                0.09           0.09          -0.01  (VIOLATED)
   fbus/coupler_from_port_named_slave_port_axi4/axi4frag/Queue/n_T_1
                                0.09           0.09          -0.01  (VIOLATED)
       PIN :   fbus/coupler_from_port_named_slave_port_axi4/axi4frag/Queue/u_T_1_reg/Q
                                0.09           0.09          -0.01  (VIOLATED)
   tile/fpuOpt/fpmu/inPipe_valid
                                0.09           0.09          -0.01  (VIOLATED)
       PIN :   tile/fpuOpt/fpmu/inPipe_valid_reg/Q
                                0.09           0.09          -0.01  (VIOLATED)
   debug_1/dmOuter/dmi2tl/n4
                                0.10           0.11          -0.01  (VIOLATED)
       PIN :   debug_1/dmOuter/dmi2tl/U3/Y
                                0.10           0.11          -0.01  (VIOLATED)
   tile/fpuOpt/sfma/fma_io_b[1]
                                0.09           0.09           0.00  (VIOLATED: increase significant digits)
   tile/frontend/fq/n8          0.09           0.09           0.00  (VIOLATED: increase significant digits)
   tile/fpuOpt/dfma/fma/n7481
                                0.09           0.09           0.00  (VIOLATED: increase significant digits)
   tile/fpuOpt/sfma/fma_io_a[0]
                                0.09           0.09           0.00  (VIOLATED: increase significant digits)

   -----------------------------------------------------------------
   Total                      17                 -0.18  

   max_capacitance

                             Required        Actual
   Net                      Capacitance    Capacitance       Slack
   -----------------------------------------------------------------
   tile/ptw/arb/n1             16.00          29.88         -13.88  (VIOLATED)
   tile/ptw/arb_io_chosen       8.00          14.21          -6.21  (VIOLATED)
   debug_1/dmOuter/dmi2tl/n4
                               16.00          20.24          -4.24  (VIOLATED)
   tile/fpuOpt/sfma/fma_io_validin
                                8.00          12.12          -4.12  (VIOLATED)
   tile/fpuOpt/sfma_io_in_valid
                                8.00          11.36          -3.36  (VIOLATED)
   cbus/atomics/n85            16.00          19.00          -3.00  (VIOLATED)
   sbus/coupler_to_port_named_mmio_port_axi4/axi4yank/Queue/n4
                                8.00          10.25          -2.25  (VIOLATED)
   sbus/coupler_to_port_named_mmio_port_axi4/axi4yank/Queue_1/n4
                                8.00          10.25          -2.25  (VIOLATED)
   sbus/coupler_to_port_named_mmio_port_axi4/axi4yank/Queue_4/n4
                                8.00          10.25          -2.25  (VIOLATED)
   sbus/coupler_to_port_named_mmio_port_axi4/axi4yank/Queue_5/n4
                                8.00          10.25          -2.25  (VIOLATED)
   sbus/coupler_to_port_named_mmio_port_axi4/axi4yank/Queue_6/n4
                                8.00          10.25          -2.25  (VIOLATED)
   sbus/coupler_to_port_named_mmio_port_axi4/axi4yank/Queue_9/n4
                                8.00          10.25          -2.25  (VIOLATED)
   cbus/wrapped_error_device/error/a/n3
                                8.00           9.83          -1.83  (VIOLATED)
   tile/frontend/tlb/n2874      8.00           9.71          -1.71  (VIOLATED)
   debug_1/dmOuter/dmiXbar/n18
                               16.00          17.24          -1.24  (VIOLATED)
   tile/frontend/tlb/n2889      8.00           9.11          -1.11  (VIOLATED)
   tile/frontend/tlb/n2860      8.00           8.93          -0.93  (VIOLATED)
   tile/dcache/tlb/n3014        8.00           8.85          -0.85  (VIOLATED)
   bh/n703                      8.00           8.65          -0.65  (VIOLATED)
   tile/tlMasterXbar/n24        8.00           8.57          -0.57  (VIOLATED)
   fbus/coupler_from_port_named_slave_port_axi4/buffer/Queue/n34
                               16.00          16.54          -0.54  (VIOLATED)
   sbus/system_bus_xbar/n21     8.00           8.42          -0.42  (VIOLATED)
   bootrom/n1033                8.00           8.18          -0.18  (VIOLATED)
   bootrom/n1143                8.00           8.13          -0.13  (VIOLATED)
   bootrom/n1229                8.00           8.13          -0.13  (VIOLATED)
   bootrom/n1271                8.00           8.00           0.00  (VIOLATED: increase significant digits)

   -----------------------------------------------------------------
   Total                      26                -58.62  

   max_leakage_power

                             Required        Actual
   Design                   Leakage Power  Leakage Power     Slack
   -----------------------------------------------------------------
   ExampleRocketSystem          0.00       28051941376.00 -28051941376.00
                                                                    (VIOLATED)


1
